package b

import "a"

func f() {
	a.One() // want `cannot inline call to a.One because body refers to non-exported one`

	_ = 2 // want `inline call of \(a.T\).Two`
}
